###############################################################################
#
# IAR ELF Linker V8.40.2.214/W32 for ARM                  25/Nov/2019  16:02:15
# Copyright 2007-2019 IAR Systems AB.
#
#    Output file  =
#        D:\1.PKH\1.Project\13.Test_pheripheral\2.Hard_SPI\1.STM32_L152\Project\StdPeriph_Examples\SPI\SPI_TwoBoards\DataExchangeDMA\STM32L152-EVAL
#        Flash Debug\Exe\STM3210E-EVAL.out
#    Map file     =
#        D:\1.PKH\1.Project\13.Test_pheripheral\2.Hard_SPI\1.STM32_L152\Project\StdPeriph_Examples\SPI\SPI_TwoBoards\DataExchangeDMA\STM32L152-EVAL
#        Flash Debug\List\STM3210E-EVAL.map
#    Command line =
#        -f C:\Users\hongt\AppData\Local\Temp\EW3882.tmp
#        ("D:\1.PKH\1.Project\13.Test_pheripheral\2.Hard_SPI\1.STM32_L152\Project\StdPeriph_Examples\SPI\SPI_TwoBoards\DataExchangeDMA\STM32L152-EVAL
#        Flash Debug\Obj\main.o"
#        "D:\1.PKH\1.Project\13.Test_pheripheral\2.Hard_SPI\1.STM32_L152\Project\StdPeriph_Examples\SPI\SPI_TwoBoards\DataExchangeDMA\STM32L152-EVAL
#        Flash Debug\Obj\misc.o"
#        "D:\1.PKH\1.Project\13.Test_pheripheral\2.Hard_SPI\1.STM32_L152\Project\StdPeriph_Examples\SPI\SPI_TwoBoards\DataExchangeDMA\STM32L152-EVAL
#        Flash Debug\Obj\startup_stm32l1xx_hd.o"
#        "D:\1.PKH\1.Project\13.Test_pheripheral\2.Hard_SPI\1.STM32_L152\Project\StdPeriph_Examples\SPI\SPI_TwoBoards\DataExchangeDMA\STM32L152-EVAL
#        Flash Debug\Obj\stm32l152d_eval.o"
#        "D:\1.PKH\1.Project\13.Test_pheripheral\2.Hard_SPI\1.STM32_L152\Project\StdPeriph_Examples\SPI\SPI_TwoBoards\DataExchangeDMA\STM32L152-EVAL
#        Flash Debug\Obj\stm32l152d_eval_i2c_tsensor.o"
#        "D:\1.PKH\1.Project\13.Test_pheripheral\2.Hard_SPI\1.STM32_L152\Project\StdPeriph_Examples\SPI\SPI_TwoBoards\DataExchangeDMA\STM32L152-EVAL
#        Flash Debug\Obj\stm32l152d_eval_lcd.o"
#        "D:\1.PKH\1.Project\13.Test_pheripheral\2.Hard_SPI\1.STM32_L152\Project\StdPeriph_Examples\SPI\SPI_TwoBoards\DataExchangeDMA\STM32L152-EVAL
#        Flash Debug\Obj\stm32l1xx_comp.o"
#        "D:\1.PKH\1.Project\13.Test_pheripheral\2.Hard_SPI\1.STM32_L152\Project\StdPeriph_Examples\SPI\SPI_TwoBoards\DataExchangeDMA\STM32L152-EVAL
#        Flash Debug\Obj\stm32l1xx_dma.o"
#        "D:\1.PKH\1.Project\13.Test_pheripheral\2.Hard_SPI\1.STM32_L152\Project\StdPeriph_Examples\SPI\SPI_TwoBoards\DataExchangeDMA\STM32L152-EVAL
#        Flash Debug\Obj\stm32l1xx_exti.o"
#        "D:\1.PKH\1.Project\13.Test_pheripheral\2.Hard_SPI\1.STM32_L152\Project\StdPeriph_Examples\SPI\SPI_TwoBoards\DataExchangeDMA\STM32L152-EVAL
#        Flash Debug\Obj\stm32l1xx_gpio.o"
#        "D:\1.PKH\1.Project\13.Test_pheripheral\2.Hard_SPI\1.STM32_L152\Project\StdPeriph_Examples\SPI\SPI_TwoBoards\DataExchangeDMA\STM32L152-EVAL
#        Flash Debug\Obj\stm32l1xx_it.o"
#        "D:\1.PKH\1.Project\13.Test_pheripheral\2.Hard_SPI\1.STM32_L152\Project\StdPeriph_Examples\SPI\SPI_TwoBoards\DataExchangeDMA\STM32L152-EVAL
#        Flash Debug\Obj\stm32l1xx_pwr.o"
#        "D:\1.PKH\1.Project\13.Test_pheripheral\2.Hard_SPI\1.STM32_L152\Project\StdPeriph_Examples\SPI\SPI_TwoBoards\DataExchangeDMA\STM32L152-EVAL
#        Flash Debug\Obj\stm32l1xx_rcc.o"
#        "D:\1.PKH\1.Project\13.Test_pheripheral\2.Hard_SPI\1.STM32_L152\Project\StdPeriph_Examples\SPI\SPI_TwoBoards\DataExchangeDMA\STM32L152-EVAL
#        Flash Debug\Obj\stm32l1xx_spi.o"
#        "D:\1.PKH\1.Project\13.Test_pheripheral\2.Hard_SPI\1.STM32_L152\Project\StdPeriph_Examples\SPI\SPI_TwoBoards\DataExchangeDMA\STM32L152-EVAL
#        Flash Debug\Obj\stm32l1xx_syscfg.o"
#        "D:\1.PKH\1.Project\13.Test_pheripheral\2.Hard_SPI\1.STM32_L152\Project\StdPeriph_Examples\SPI\SPI_TwoBoards\DataExchangeDMA\STM32L152-EVAL
#        Flash Debug\Obj\stm32l1xx_tim.o"
#        "D:\1.PKH\1.Project\13.Test_pheripheral\2.Hard_SPI\1.STM32_L152\Project\StdPeriph_Examples\SPI\SPI_TwoBoards\DataExchangeDMA\STM32L152-EVAL
#        Flash Debug\Obj\stm32l1xx_usart.o"
#        "D:\1.PKH\1.Project\13.Test_pheripheral\2.Hard_SPI\1.STM32_L152\Project\StdPeriph_Examples\SPI\SPI_TwoBoards\DataExchangeDMA\STM32L152-EVAL
#        Flash Debug\Obj\system_stm32l1xx.o" --redirect _Printf=_PrintfFull
#        --redirect _Scanf=_ScanfFull --no_out_extension -o
#        "D:\1.PKH\1.Project\13.Test_pheripheral\2.Hard_SPI\1.STM32_L152\Project\StdPeriph_Examples\SPI\SPI_TwoBoards\DataExchangeDMA\STM32L152-EVAL
#        Flash Debug\Exe\STM3210E-EVAL.out" --map
#        "D:\1.PKH\1.Project\13.Test_pheripheral\2.Hard_SPI\1.STM32_L152\Project\StdPeriph_Examples\SPI\SPI_TwoBoards\DataExchangeDMA\STM32L152-EVAL
#        Flash Debug\List\STM3210E-EVAL.map" --config
#        D:\1.PKH\1.Project\13.Test_pheripheral\2.Hard_SPI\1.STM32_L152\Project\StdPeriph_Examples\SPI\SPI_TwoBoards\DataExchangeDMA\stm32l1xx_flash.icf
#        --semihosting --entry __iar_program_start --redirect
#        __iar_sh_stdout=__iar_sh_stdout_swo --vfe --text_out locale)
#
###############################################################################

*******************************************************************************
*** RUNTIME MODEL ATTRIBUTES
***

CppFlavor       = *
__SystemLibrary = DLib
__dlib_version  = 6


*******************************************************************************
*** HEAP SELECTION
***

The basic heap was selected because no calls to memory allocation
functions were found in the application outside of system library
functions, and there are calls to deallocation functions in the
application.


*******************************************************************************
*** PLACEMENT SUMMARY
***

"A0":  place at address 0x800'0000 { ro section .intvec };
"P1":  place in [from 0x800'0000 to 0x801'ffff] { ro };
define block CSTACK with size = 1K, alignment = 8 { };
define block HEAP with size = 512, alignment = 8 { };
"P2":  place in [from 0x2000'0000 to 0x2000'3fff] {
          rw, block CSTACK, block HEAP };
initialize by copy { rw };

  Section            Kind         Address   Size  Object
  -------            ----         -------   ----  ------
"A0":                                      0x124
  .intvec            ro code   0x800'0000  0x124  startup_stm32l1xx_hd.o [1]
                             - 0x800'0124  0x124

"P1":                                      0xf3c
  .text              ro code   0x800'0124  0x584  main.o [1]
  .text              ro code   0x800'06a8   0x78  stm32l1xx_rcc.o [1]
  .text              ro code   0x800'0720   0xaa  stm32l1xx_gpio.o [1]
  .text              ro code   0x800'07cc   0xee  stm32l1xx_spi.o [1]
  .text              ro code   0x800'08bc  0x1a4  stm32l152d_eval.o [1]
  .text              ro code   0x800'0a60   0xc6  stm32l1xx_tim.o [1]
  .text              ro code   0x800'0b28   0x8c  stm32l1xx_dma.o [1]
  .text              ro code   0x800'0bb4    0x6  ABImemclr4.o [4]
  .text              ro code   0x800'0bbc   0x28  stm32l1xx_syscfg.o [1]
  .text              ro code   0x800'0be4   0x68  stm32l1xx_exti.o [1]
  .text              ro code   0x800'0c4c   0x68  misc.o [1]
  .text              ro code   0x800'0cb4   0x32  ABImemset48.o [4]
  .text              ro code   0x800'0ce8  0x100  system_stm32l1xx.o [1]
  .text              ro code   0x800'0de8   0x40  stm32l1xx_it.o [1]
  .text              ro code   0x800'0e28   0x38  packbits_init_single.o [4]
  .text              ro code   0x800'0e60   0x28  data_init.o [4]
  .iar.init_table    const     0x800'0e88   0x10  - Linker created -
  .text              ro code   0x800'0e98   0x1e  cmain.o [4]
  .text              ro code   0x800'0eb6    0x4  low_level_init.o [2]
  .text              ro code   0x800'0eba    0x4  exit.o [2]
  .text              ro code   0x800'0ec0    0xa  cexit.o [4]
  .text              ro code   0x800'0ecc   0x14  exit.o [5]
  .text              ro code   0x800'0ee0   0x10  startup_stm32l1xx_hd.o [1]
  .text              ro code   0x800'0ef0    0xc  cstartup_M.o [4]
  .text              ro code   0x800'0efc    0x4  startup_stm32l1xx_hd.o [1]
  .text              ro code   0x800'0f00    0x4  startup_stm32l1xx_hd.o [1]
  .text              ro code   0x800'0f04    0x4  startup_stm32l1xx_hd.o [1]
  .text              ro code   0x800'0f08    0x4  startup_stm32l1xx_hd.o [1]
  .text              ro code   0x800'0f0c    0x4  startup_stm32l1xx_hd.o [1]
  .text              ro code   0x800'0f10    0x4  startup_stm32l1xx_hd.o [1]
  .text              ro code   0x800'0f14    0x4  startup_stm32l1xx_hd.o [1]
  .text              ro code   0x800'0f18    0x4  startup_stm32l1xx_hd.o [1]
  .text              ro code   0x800'0f1c    0x4  startup_stm32l1xx_hd.o [1]
  .text              ro code   0x800'0f20    0x4  startup_stm32l1xx_hd.o [1]
  .text              ro code   0x800'0f24    0x4  startup_stm32l1xx_hd.o [1]
  .text              ro code   0x800'0f28    0x4  startup_stm32l1xx_hd.o [1]
  .text              ro code   0x800'0f2c    0x4  startup_stm32l1xx_hd.o [1]
  .text              ro code   0x800'0f30    0x4  startup_stm32l1xx_hd.o [1]
  .text              ro code   0x800'0f34    0x4  startup_stm32l1xx_hd.o [1]
  .text              ro code   0x800'0f38    0x4  startup_stm32l1xx_hd.o [1]
  .text              ro code   0x800'0f3c    0x4  startup_stm32l1xx_hd.o [1]
  .text              ro code   0x800'0f40    0x4  startup_stm32l1xx_hd.o [1]
  .text              ro code   0x800'0f44    0x4  startup_stm32l1xx_hd.o [1]
  .text              ro code   0x800'0f48    0x4  startup_stm32l1xx_hd.o [1]
  .text              ro code   0x800'0f4c    0x4  startup_stm32l1xx_hd.o [1]
  .text              ro code   0x800'0f50    0x4  startup_stm32l1xx_hd.o [1]
  .text              ro code   0x800'0f54    0x4  startup_stm32l1xx_hd.o [1]
  .text              ro code   0x800'0f58    0x4  startup_stm32l1xx_hd.o [1]
  .text              ro code   0x800'0f5c    0x4  startup_stm32l1xx_hd.o [1]
  .text              ro code   0x800'0f60    0x4  startup_stm32l1xx_hd.o [1]
  .text              ro code   0x800'0f64    0x4  startup_stm32l1xx_hd.o [1]
  .text              ro code   0x800'0f68    0x4  startup_stm32l1xx_hd.o [1]
  .text              ro code   0x800'0f6c    0x4  startup_stm32l1xx_hd.o [1]
  .text              ro code   0x800'0f70    0x4  startup_stm32l1xx_hd.o [1]
  .text              ro code   0x800'0f74    0x4  startup_stm32l1xx_hd.o [1]
  .text              ro code   0x800'0f78    0x4  startup_stm32l1xx_hd.o [1]
  .text              ro code   0x800'0f7c    0x4  startup_stm32l1xx_hd.o [1]
  .text              ro code   0x800'0f80    0x4  startup_stm32l1xx_hd.o [1]
  .text              ro code   0x800'0f84    0x4  startup_stm32l1xx_hd.o [1]
  .text              ro code   0x800'0f88    0x4  startup_stm32l1xx_hd.o [1]
  .text              ro code   0x800'0f8c    0x4  startup_stm32l1xx_hd.o [1]
  .text              ro code   0x800'0f90    0x4  startup_stm32l1xx_hd.o [1]
  .text              ro code   0x800'0f94    0x4  startup_stm32l1xx_hd.o [1]
  .text              ro code   0x800'0f98    0x4  startup_stm32l1xx_hd.o [1]
  .text              ro code   0x800'0f9c    0x4  startup_stm32l1xx_hd.o [1]
  .text              ro code   0x800'0fa0    0x4  startup_stm32l1xx_hd.o [1]
  .text              ro code   0x800'0fa4    0x4  startup_stm32l1xx_hd.o [1]
  .text              ro code   0x800'0fa8    0x4  startup_stm32l1xx_hd.o [1]
  .text              ro code   0x800'0fac    0x4  startup_stm32l1xx_hd.o [1]
  .text              ro code   0x800'0fb0    0x4  startup_stm32l1xx_hd.o [1]
  .text              ro code   0x800'0fb4    0x4  startup_stm32l1xx_hd.o [1]
  .text              ro code   0x800'0fb8    0x4  startup_stm32l1xx_hd.o [1]
  .text              ro code   0x800'0fbc    0x4  startup_stm32l1xx_hd.o [1]
  .text              ro code   0x800'0fc0    0x4  startup_stm32l1xx_hd.o [1]
  .text              ro code   0x800'0fc4    0x4  startup_stm32l1xx_hd.o [1]
  .text              ro code   0x800'0fc8    0x4  startup_stm32l1xx_hd.o [1]
  .text              ro code   0x800'0fcc    0x4  startup_stm32l1xx_hd.o [1]
  .text              ro code   0x800'0fd0    0x4  startup_stm32l1xx_hd.o [1]
  .text              ro code   0x800'0fd4    0x4  startup_stm32l1xx_hd.o [1]
  .text              ro code   0x800'0fd8    0x4  startup_stm32l1xx_hd.o [1]
  .text              ro code   0x800'0fdc    0x4  startup_stm32l1xx_hd.o [1]
  .rodata            const     0x800'0fe0    0x0  packbits_init_single.o [4]
  Initializer bytes  const     0x800'0fe0   0x80  <for P2-1>
                             - 0x800'1060  0xf3c

"P2", part 1 of 2:                         0x129
  P2-1                        0x2000'0000  0x129  <Init block>
    .data            inited   0x2000'0000   0xe0  main.o [1]
    .data            inited   0x2000'00e0   0x10  stm32l152d_eval.o [1]
    .data            inited   0x2000'00f0   0x18  stm32l152d_eval.o [1]
    .data            inited   0x2000'0108   0x20  system_stm32l1xx.o [1]
    .bss             inited   0x2000'0128    0x1  stm32l1xx_it.o [1]
                            - 0x2000'0129  0x129

"P2", part 2 of 2:                         0x400
  CSTACK                      0x2000'0130  0x400  <Block>
    CSTACK           uninit   0x2000'0130  0x400  <Block tail>
                            - 0x2000'0530  0x400

Unused ranges:

         From           To      Size
         ----           --      ----
   0x800'1060   0x801'ffff  0x1'efa0
  0x2000'0129  0x2000'012f       0x7
  0x2000'0530  0x2000'3fff    0x3ad0


*******************************************************************************
*** INIT TABLE
***

          Address      Size
          -------      ----
Copy/packbits (__iar_packbits_init_single3)
    1 source range, total size 0x80 (43% of destination):
           0x800'0fe0   0x80
    1 destination range, total size 0x129:
          0x2000'0000  0x129



*******************************************************************************
*** MODULE SUMMARY
***

    Module                  ro code  ro data  rw data
    ------                  -------  -------  -------
command line/config:
    -------------------------------------------------
    Total:

D:\1.PKH\1.Project\13.Test_pheripheral\2.Hard_SPI\1.STM32_L152\Project\StdPeriph_Examples\SPI\SPI_TwoBoards\DataExchangeDMA\STM32L152-EVAL Flash Debug\Obj: [1]
    main.o                    1'412       96      224
    misc.o                      104
    startup_stm32l1xx_hd.o      536
    stm32l152d_eval.o           420       17       40
    stm32l1xx_dma.o             140
    stm32l1xx_exti.o            104
    stm32l1xx_gpio.o            170
    stm32l1xx_it.o               64        1        1
    stm32l1xx_rcc.o             120
    stm32l1xx_spi.o             238
    stm32l1xx_syscfg.o           40
    stm32l1xx_tim.o             198
    system_stm32l1xx.o          256       14       32
    -------------------------------------------------
    Total:                    3'802      128      297

dl7M_tln.a: [2]
    exit.o                        4
    low_level_init.o              4
    -------------------------------------------------
    Total:                        8

m7M_tl.a: [3]
    -------------------------------------------------
    Total:

rt7M_tl.a: [4]
    ABImemclr4.o                  6
    ABImemset48.o                50
    cexit.o                      10
    cmain.o                      30
    cstartup_M.o                 12
    data_init.o                  40
    packbits_init_single.o       56
    -------------------------------------------------
    Total:                      204

shb_l.a: [5]
    exit.o                       20
    -------------------------------------------------
    Total:                       20

    Gaps                         14
    Linker created                        16    1'024
-----------------------------------------------------
    Grand Total:              4'048      144    1'321


*******************************************************************************
*** ENTRY LIST
***

Entry                       Address   Size  Type      Object
-----                       -------   ----  ----      ------
.iar.init_table$$Base    0x800'0e88          --   Gb  - Linker created -
.iar.init_table$$Limit   0x800'0e98          --   Gb  - Linker created -
?main                    0x800'0e99         Code  Gb  cmain.o [4]
AHBPrescTable           0x2000'0114   0x10  Data  Gb  system_stm32l1xx.o [1]
BUTTON_CLK               0x800'0a24   0x18  Data  Gb  stm32l152d_eval.o [1]
BUTTON_EXTI_LINE         0x800'0a3c    0xc  Data  Gb  stm32l152d_eval.o [1]
BUTTON_IRQn              0x800'0a58    0x8  Data  Gb  stm32l152d_eval.o [1]
BUTTON_PIN               0x800'0a18    0xc  Data  Gb  stm32l152d_eval.o [1]
BUTTON_PIN_SOURCE        0x800'0a50    0x8  Data  Gb  stm32l152d_eval.o [1]
BUTTON_PORT             0x2000'00f0   0x18  Data  Gb  stm32l152d_eval.o [1]
BUTTON_PORT_SOURCE       0x800'0a48    0x8  Data  Gb  stm32l152d_eval.o [1]
Buffercmp                0x800'0617   0x1e  Code  Lc  main.o [1]
BusFault_Handler         0x800'0def    0x2  Code  Gb  stm32l1xx_it.o [1]
CSTACK$$Base            0x2000'0130          --   Gb  - Linker created -
CSTACK$$Limit           0x2000'0530          --   Gb  - Linker created -
CommandReceived         0x2000'009c    0x4  Data  Gb  main.o [1]
CommandTransmitted      0x2000'0098    0x4  Data  Gb  main.o [1]
Counter                 0x2000'0128    0x1  Data  Gb  stm32l1xx_it.o [1]
DMA_ClearFlag            0x800'0b91    0x8  Code  Gb  stm32l1xx_dma.o [1]
DMA_Cmd                  0x800'0b61   0x18  Code  Gb  stm32l1xx_dma.o [1]
DMA_GetFlagStatus        0x800'0b79   0x18  Code  Gb  stm32l1xx_dma.o [1]
DMA_Init                 0x800'0b29   0x38  Code  Gb  stm32l1xx_dma.o [1]
DMA_InitStructure       0x2000'006c   0x2c  Data  Gb  main.o [1]
DebugMon_Handler         0x800'0df5    0x2  Code  Gb  stm32l1xx_it.o [1]
EXTI_Init                0x800'0be5   0x62  Code  Gb  stm32l1xx_exti.o [1]
GPIO_CLK                 0x800'0a08   0x10  Data  Gb  stm32l152d_eval.o [1]
GPIO_Init                0x800'0721   0x7a  Code  Gb  stm32l1xx_gpio.o [1]
GPIO_PIN                 0x800'0a00    0x8  Data  Gb  stm32l152d_eval.o [1]
GPIO_PORT               0x2000'00e0   0x10  Data  Gb  stm32l152d_eval.o [1]
GPIO_PinAFConfig         0x800'07a9   0x22  Code  Gb  stm32l1xx_gpio.o [1]
GPIO_ReadInputDataBit    0x800'079b    0xe  Code  Gb  stm32l1xx_gpio.o [1]
HardFault_Handler        0x800'0deb    0x2  Code  Gb  stm32l1xx_it.o [1]
MemManage_Handler        0x800'0ded    0x2  Code  Gb  stm32l1xx_it.o [1]
NMI_Handler              0x800'0de9    0x2  Code  Gb  stm32l1xx_it.o [1]
NVIC_Init                0x800'0c4d   0x56  Code  Gb  misc.o [1]
NumberOfByte            0x2000'0068    0x2  Data  Gb  main.o [1]
PLLMulTable             0x2000'0108    0xc  Data  Gb  system_stm32l1xx.o [1]
PendSV_Handler           0x800'0df7    0x2  Code  Gb  stm32l1xx_it.o [1]
PrescalerValue          0x2000'006a    0x2  Data  Gb  main.o [1]
PressedButton           0x2000'0000    0x1  Data  Gb  main.o [1]
RCC_AHBPeriphClockCmd    0x800'06a9   0x14  Code  Gb  stm32l1xx_rcc.o [1]
RCC_APB1PeriphClockCmd   0x800'06d1   0x14  Code  Gb  stm32l1xx_rcc.o [1]
RCC_APB1PeriphResetCmd   0x800'06f9   0x14  Code  Gb  stm32l1xx_rcc.o [1]
RCC_APB2PeriphClockCmd   0x800'06bd   0x14  Code  Gb  stm32l1xx_rcc.o [1]
RCC_APB2PeriphResetCmd   0x800'06e5   0x14  Code  Gb  stm32l1xx_rcc.o [1]
Read_Joystick            0x800'0635   0x74  Code  Lc  main.o [1]
Region$$Table$$Base      0x800'0e88          --   Gb  - Linker created -
Region$$Table$$Limit     0x800'0e98          --   Gb  - Linker created -
RxBuffer                0x2000'0004   0x38  Data  Gb  main.o [1]
SPI_Cmd                  0x800'086b   0x14  Code  Gb  stm32l1xx_spi.o [1]
SPI_I2S_DMACmd           0x800'089d   0x10  Code  Gb  stm32l1xx_spi.o [1]
SPI_I2S_DeInit           0x800'07cd   0x58  Code  Gb  stm32l1xx_spi.o [1]
SPI_I2S_GetFlagStatus    0x800'08ad    0xe  Code  Gb  stm32l1xx_spi.o [1]
SPI_Init                 0x800'0831   0x3a  Code  Gb  stm32l1xx_spi.o [1]
SPI_InitStructure       0x2000'003c   0x14  Data  Gb  main.o [1]
SPI_SSOutputCmd          0x800'0885   0x18  Code  Gb  stm32l1xx_spi.o [1]
STM_EVAL_LEDInit         0x800'08bd   0x3e  Code  Gb  stm32l152d_eval.o [1]
STM_EVAL_LEDOff          0x800'090f   0x14  Code  Gb  stm32l152d_eval.o [1]
STM_EVAL_LEDOn           0x800'08fb   0x14  Code  Gb  stm32l152d_eval.o [1]
STM_EVAL_LEDToggle       0x800'0923   0x18  Code  Gb  stm32l152d_eval.o [1]
STM_EVAL_PBGetState      0x800'09db   0x14  Code  Gb  stm32l152d_eval.o [1]
STM_EVAL_PBInit          0x800'093b   0x96  Code  Gb  stm32l152d_eval.o [1]
SVC_Handler              0x800'0df3    0x2  Code  Gb  stm32l1xx_it.o [1]
SYSCFG_EXTILineConfig    0x800'0bbd   0x22  Code  Gb  stm32l1xx_syscfg.o [1]
SysTick_Handler          0x800'0df9   0x26  Code  Gb  stm32l1xx_it.o [1]
SystemCoreClock         0x2000'0124    0x4  Data  Gb  system_stm32l1xx.o [1]
SystemInit               0x800'0ce9   0xe2  Code  Gb  system_stm32l1xx.o [1]
TIM_Cmd                  0x800'0ac7   0x14  Code  Gb  stm32l1xx_tim.o [1]
TIM_DMACmd               0x800'0b17   0x10  Code  Gb  stm32l1xx_tim.o [1]
TIM_OC2Init              0x800'0adb   0x2a  Code  Gb  stm32l1xx_tim.o [1]
TIM_OCInitStructure     0x2000'005c    0xc  Data  Gb  main.o [1]
TIM_TimeBaseInit         0x800'0a61   0x4c  Code  Gb  stm32l1xx_tim.o [1]
TIM_TimeBaseStructure   0x2000'0050    0xc  Data  Gb  main.o [1]
TimeOut                 0x2000'00a0    0x4  Data  Gb  main.o [1]
TxBuffer                0x2000'00a4   0x3c  Data  Gb  main.o [1]
UsageFault_Handler       0x800'0df1    0x2  Code  Gb  stm32l1xx_it.o [1]
__NVIC_SetPriority       0x800'0125   0x1e  Code  Lc  main.o [1]
__aeabi_memclr4          0x800'0bb5         Code  Gb  ABImemclr4.o [4]
__cmain                  0x800'0e99         Code  Gb  cmain.o [4]
__exit                   0x800'0ecd   0x14  Code  Gb  exit.o [5]
__iar_Memset4_word       0x800'0cb5         Code  Gb  ABImemset48.o [4]
__iar_Memset8_word       0x800'0cb5         Code  Gb  ABImemset48.o [4]
__iar_data_init3         0x800'0e61   0x28  Code  Gb  data_init.o [4]
__iar_packbits_init_single3
                         0x800'0e29   0x38  Code  Gb  packbits_init_single.o [4]
__iar_program_start      0x800'0ef1         Code  Gb  cstartup_M.o [4]
__low_level_init         0x800'0eb7    0x4  Code  Gb  low_level_init.o [2]
__vector_table           0x800'0000         Data  Gb  startup_stm32l1xx_hd.o [1]
_call_main               0x800'0ea5         Code  Gb  cmain.o [4]
_exit                    0x800'0ec1         Code  Gb  cexit.o [4]
_main                    0x800'0eb3         Code  Gb  cmain.o [4]
exit                     0x800'0ebb    0x4  Code  Gb  exit.o [2]
main                     0x800'0145  0x42e  Code  Gb  main.o [1]


[1] = D:\1.PKH\1.Project\13.Test_pheripheral\2.Hard_SPI\1.STM32_L152\Project\StdPeriph_Examples\SPI\SPI_TwoBoards\DataExchangeDMA\STM32L152-EVAL Flash Debug\Obj
[2] = dl7M_tln.a
[3] = m7M_tl.a
[4] = rt7M_tl.a
[5] = shb_l.a

  4'048 bytes of readonly  code memory
    144 bytes of readonly  data memory
  1'321 bytes of readwrite data memory

Errors: none
Warnings: none
