###############################################################################
#
# IAR ELF Linker V8.40.2.214/W32 for ARM                  25/Nov/2019  16:55:32
# Copyright 2007-2019 IAR Systems AB.
#
#    Output file  =
#        D:\1.PKH\1.Project\13.Test_pheripheral\2.Hard_SPI\1.STM32_L152\Project\StdPeriph_Examples\SPI\SPI_TwoBoards\DataExchangeDMA\STM32L152-EVAL
#        Flash Debug\Exe\STM3210E-EVAL.out
#    Map file     =
#        D:\1.PKH\1.Project\13.Test_pheripheral\2.Hard_SPI\1.STM32_L152\Project\StdPeriph_Examples\SPI\SPI_TwoBoards\DataExchangeDMA\STM32L152-EVAL
#        Flash Debug\List\STM3210E-EVAL.map
#    Command line =
#        -f C:\Users\hongt\AppData\Local\Temp\EW10E.tmp
#        ("D:\1.PKH\1.Project\13.Test_pheripheral\2.Hard_SPI\1.STM32_L152\Project\StdPeriph_Examples\SPI\SPI_TwoBoards\DataExchangeDMA\STM32L152-EVAL
#        Flash Debug\Obj\main.o"
#        "D:\1.PKH\1.Project\13.Test_pheripheral\2.Hard_SPI\1.STM32_L152\Project\StdPeriph_Examples\SPI\SPI_TwoBoards\DataExchangeDMA\STM32L152-EVAL
#        Flash Debug\Obj\misc.o"
#        "D:\1.PKH\1.Project\13.Test_pheripheral\2.Hard_SPI\1.STM32_L152\Project\StdPeriph_Examples\SPI\SPI_TwoBoards\DataExchangeDMA\STM32L152-EVAL
#        Flash Debug\Obj\startup_stm32l1xx_hd.o"
#        "D:\1.PKH\1.Project\13.Test_pheripheral\2.Hard_SPI\1.STM32_L152\Project\StdPeriph_Examples\SPI\SPI_TwoBoards\DataExchangeDMA\STM32L152-EVAL
#        Flash Debug\Obj\stm32l152d_eval.o"
#        "D:\1.PKH\1.Project\13.Test_pheripheral\2.Hard_SPI\1.STM32_L152\Project\StdPeriph_Examples\SPI\SPI_TwoBoards\DataExchangeDMA\STM32L152-EVAL
#        Flash Debug\Obj\stm32l152d_eval_i2c_tsensor.o"
#        "D:\1.PKH\1.Project\13.Test_pheripheral\2.Hard_SPI\1.STM32_L152\Project\StdPeriph_Examples\SPI\SPI_TwoBoards\DataExchangeDMA\STM32L152-EVAL
#        Flash Debug\Obj\stm32l152d_eval_lcd.o"
#        "D:\1.PKH\1.Project\13.Test_pheripheral\2.Hard_SPI\1.STM32_L152\Project\StdPeriph_Examples\SPI\SPI_TwoBoards\DataExchangeDMA\STM32L152-EVAL
#        Flash Debug\Obj\stm32l1xx_comp.o"
#        "D:\1.PKH\1.Project\13.Test_pheripheral\2.Hard_SPI\1.STM32_L152\Project\StdPeriph_Examples\SPI\SPI_TwoBoards\DataExchangeDMA\STM32L152-EVAL
#        Flash Debug\Obj\stm32l1xx_dma.o"
#        "D:\1.PKH\1.Project\13.Test_pheripheral\2.Hard_SPI\1.STM32_L152\Project\StdPeriph_Examples\SPI\SPI_TwoBoards\DataExchangeDMA\STM32L152-EVAL
#        Flash Debug\Obj\stm32l1xx_exti.o"
#        "D:\1.PKH\1.Project\13.Test_pheripheral\2.Hard_SPI\1.STM32_L152\Project\StdPeriph_Examples\SPI\SPI_TwoBoards\DataExchangeDMA\STM32L152-EVAL
#        Flash Debug\Obj\stm32l1xx_gpio.o"
#        "D:\1.PKH\1.Project\13.Test_pheripheral\2.Hard_SPI\1.STM32_L152\Project\StdPeriph_Examples\SPI\SPI_TwoBoards\DataExchangeDMA\STM32L152-EVAL
#        Flash Debug\Obj\stm32l1xx_it.o"
#        "D:\1.PKH\1.Project\13.Test_pheripheral\2.Hard_SPI\1.STM32_L152\Project\StdPeriph_Examples\SPI\SPI_TwoBoards\DataExchangeDMA\STM32L152-EVAL
#        Flash Debug\Obj\stm32l1xx_pwr.o"
#        "D:\1.PKH\1.Project\13.Test_pheripheral\2.Hard_SPI\1.STM32_L152\Project\StdPeriph_Examples\SPI\SPI_TwoBoards\DataExchangeDMA\STM32L152-EVAL
#        Flash Debug\Obj\stm32l1xx_rcc.o"
#        "D:\1.PKH\1.Project\13.Test_pheripheral\2.Hard_SPI\1.STM32_L152\Project\StdPeriph_Examples\SPI\SPI_TwoBoards\DataExchangeDMA\STM32L152-EVAL
#        Flash Debug\Obj\stm32l1xx_spi.o"
#        "D:\1.PKH\1.Project\13.Test_pheripheral\2.Hard_SPI\1.STM32_L152\Project\StdPeriph_Examples\SPI\SPI_TwoBoards\DataExchangeDMA\STM32L152-EVAL
#        Flash Debug\Obj\stm32l1xx_syscfg.o"
#        "D:\1.PKH\1.Project\13.Test_pheripheral\2.Hard_SPI\1.STM32_L152\Project\StdPeriph_Examples\SPI\SPI_TwoBoards\DataExchangeDMA\STM32L152-EVAL
#        Flash Debug\Obj\stm32l1xx_tim.o"
#        "D:\1.PKH\1.Project\13.Test_pheripheral\2.Hard_SPI\1.STM32_L152\Project\StdPeriph_Examples\SPI\SPI_TwoBoards\DataExchangeDMA\STM32L152-EVAL
#        Flash Debug\Obj\stm32l1xx_usart.o"
#        "D:\1.PKH\1.Project\13.Test_pheripheral\2.Hard_SPI\1.STM32_L152\Project\StdPeriph_Examples\SPI\SPI_TwoBoards\DataExchangeDMA\STM32L152-EVAL
#        Flash Debug\Obj\system_stm32l1xx.o" --redirect _Printf=_PrintfFull
#        --redirect _Scanf=_ScanfFull --no_out_extension -o
#        "D:\1.PKH\1.Project\13.Test_pheripheral\2.Hard_SPI\1.STM32_L152\Project\StdPeriph_Examples\SPI\SPI_TwoBoards\DataExchangeDMA\STM32L152-EVAL
#        Flash Debug\Exe\STM3210E-EVAL.out" --map
#        "D:\1.PKH\1.Project\13.Test_pheripheral\2.Hard_SPI\1.STM32_L152\Project\StdPeriph_Examples\SPI\SPI_TwoBoards\DataExchangeDMA\STM32L152-EVAL
#        Flash Debug\List\STM3210E-EVAL.map" --config
#        D:\1.PKH\1.Project\13.Test_pheripheral\2.Hard_SPI\1.STM32_L152\Project\StdPeriph_Examples\SPI\SPI_TwoBoards\DataExchangeDMA\stm32l1xx_flash.icf
#        --semihosting --entry __iar_program_start --redirect
#        __iar_sh_stdout=__iar_sh_stdout_swo --vfe --text_out locale)
#
###############################################################################

*******************************************************************************
*** RUNTIME MODEL ATTRIBUTES
***

CppFlavor       = *
__SystemLibrary = DLib
__dlib_version  = 6


*******************************************************************************
*** HEAP SELECTION
***

The basic heap was selected because no calls to memory allocation
functions were found in the application outside of system library
functions, and there are calls to deallocation functions in the
application.


*******************************************************************************
*** PLACEMENT SUMMARY
***

"A0":  place at address 0x800'0000 { ro section .intvec };
"P1":  place in [from 0x800'0000 to 0x801'ffff] { ro };
define block CSTACK with size = 1K, alignment = 8 { };
define block HEAP with size = 512, alignment = 8 { };
"P2":  place in [from 0x2000'0000 to 0x2000'3fff] {
          rw, block CSTACK, block HEAP };
initialize by copy { rw };

  Section            Kind         Address   Size  Object
  -------            ----         -------   ----  ------
"A0":                                      0x124
  .intvec            ro code   0x800'0000  0x124  startup_stm32l1xx_hd.o [1]
                             - 0x800'0124  0x124

"P1":                                      0xcd0
  .text              ro code   0x800'0124  0x544  main.o [1]
  .text              ro code   0x800'0668   0x78  stm32l1xx_rcc.o [1]
  .text              ro code   0x800'06e0   0xaa  stm32l1xx_gpio.o [1]
  .text              ro code   0x800'078c   0xee  stm32l1xx_spi.o [1]
  .text              ro code   0x800'087c   0xc6  stm32l1xx_tim.o [1]
  .text              ro code   0x800'0944   0x8c  stm32l1xx_dma.o [1]
  .text              ro code   0x800'09d0   0x70  stm32l152d_eval.o [1]
  .text              ro code   0x800'0a40    0x6  ABImemclr4.o [4]
  .text              ro code   0x800'0a48   0x32  ABImemset48.o [4]
  .text              ro code   0x800'0a7c  0x100  system_stm32l1xx.o [1]
  .text              ro code   0x800'0b7c   0x40  stm32l1xx_it.o [1]
  .text              ro code   0x800'0bbc   0x38  packbits_init_single.o [4]
  .text              ro code   0x800'0bf4   0x28  data_init.o [4]
  .iar.init_table    const     0x800'0c1c   0x10  - Linker created -
  .text              ro code   0x800'0c2c   0x1e  cmain.o [4]
  .text              ro code   0x800'0c4a    0x4  low_level_init.o [2]
  .text              ro code   0x800'0c4e    0x4  exit.o [2]
  .text              ro code   0x800'0c54    0xa  cexit.o [4]
  .text              ro code   0x800'0c60   0x14  exit.o [5]
  .text              ro code   0x800'0c74   0x10  startup_stm32l1xx_hd.o [1]
  .text              ro code   0x800'0c84    0xc  cstartup_M.o [4]
  .text              ro code   0x800'0c90    0x4  startup_stm32l1xx_hd.o [1]
  .text              ro code   0x800'0c94    0x4  startup_stm32l1xx_hd.o [1]
  .text              ro code   0x800'0c98    0x4  startup_stm32l1xx_hd.o [1]
  .text              ro code   0x800'0c9c    0x4  startup_stm32l1xx_hd.o [1]
  .text              ro code   0x800'0ca0    0x4  startup_stm32l1xx_hd.o [1]
  .text              ro code   0x800'0ca4    0x4  startup_stm32l1xx_hd.o [1]
  .text              ro code   0x800'0ca8    0x4  startup_stm32l1xx_hd.o [1]
  .text              ro code   0x800'0cac    0x4  startup_stm32l1xx_hd.o [1]
  .text              ro code   0x800'0cb0    0x4  startup_stm32l1xx_hd.o [1]
  .text              ro code   0x800'0cb4    0x4  startup_stm32l1xx_hd.o [1]
  .text              ro code   0x800'0cb8    0x4  startup_stm32l1xx_hd.o [1]
  .text              ro code   0x800'0cbc    0x4  startup_stm32l1xx_hd.o [1]
  .text              ro code   0x800'0cc0    0x4  startup_stm32l1xx_hd.o [1]
  .text              ro code   0x800'0cc4    0x4  startup_stm32l1xx_hd.o [1]
  .text              ro code   0x800'0cc8    0x4  startup_stm32l1xx_hd.o [1]
  .text              ro code   0x800'0ccc    0x4  startup_stm32l1xx_hd.o [1]
  .text              ro code   0x800'0cd0    0x4  startup_stm32l1xx_hd.o [1]
  .text              ro code   0x800'0cd4    0x4  startup_stm32l1xx_hd.o [1]
  .text              ro code   0x800'0cd8    0x4  startup_stm32l1xx_hd.o [1]
  .text              ro code   0x800'0cdc    0x4  startup_stm32l1xx_hd.o [1]
  .text              ro code   0x800'0ce0    0x4  startup_stm32l1xx_hd.o [1]
  .text              ro code   0x800'0ce4    0x4  startup_stm32l1xx_hd.o [1]
  .text              ro code   0x800'0ce8    0x4  startup_stm32l1xx_hd.o [1]
  .text              ro code   0x800'0cec    0x4  startup_stm32l1xx_hd.o [1]
  .text              ro code   0x800'0cf0    0x4  startup_stm32l1xx_hd.o [1]
  .text              ro code   0x800'0cf4    0x4  startup_stm32l1xx_hd.o [1]
  .text              ro code   0x800'0cf8    0x4  startup_stm32l1xx_hd.o [1]
  .text              ro code   0x800'0cfc    0x4  startup_stm32l1xx_hd.o [1]
  .text              ro code   0x800'0d00    0x4  startup_stm32l1xx_hd.o [1]
  .text              ro code   0x800'0d04    0x4  startup_stm32l1xx_hd.o [1]
  .text              ro code   0x800'0d08    0x4  startup_stm32l1xx_hd.o [1]
  .text              ro code   0x800'0d0c    0x4  startup_stm32l1xx_hd.o [1]
  .text              ro code   0x800'0d10    0x4  startup_stm32l1xx_hd.o [1]
  .text              ro code   0x800'0d14    0x4  startup_stm32l1xx_hd.o [1]
  .text              ro code   0x800'0d18    0x4  startup_stm32l1xx_hd.o [1]
  .text              ro code   0x800'0d1c    0x4  startup_stm32l1xx_hd.o [1]
  .text              ro code   0x800'0d20    0x4  startup_stm32l1xx_hd.o [1]
  .text              ro code   0x800'0d24    0x4  startup_stm32l1xx_hd.o [1]
  .text              ro code   0x800'0d28    0x4  startup_stm32l1xx_hd.o [1]
  .text              ro code   0x800'0d2c    0x4  startup_stm32l1xx_hd.o [1]
  .text              ro code   0x800'0d30    0x4  startup_stm32l1xx_hd.o [1]
  .text              ro code   0x800'0d34    0x4  startup_stm32l1xx_hd.o [1]
  .text              ro code   0x800'0d38    0x4  startup_stm32l1xx_hd.o [1]
  .text              ro code   0x800'0d3c    0x4  startup_stm32l1xx_hd.o [1]
  .text              ro code   0x800'0d40    0x4  startup_stm32l1xx_hd.o [1]
  .text              ro code   0x800'0d44    0x4  startup_stm32l1xx_hd.o [1]
  .text              ro code   0x800'0d48    0x4  startup_stm32l1xx_hd.o [1]
  .text              ro code   0x800'0d4c    0x4  startup_stm32l1xx_hd.o [1]
  .text              ro code   0x800'0d50    0x4  startup_stm32l1xx_hd.o [1]
  .text              ro code   0x800'0d54    0x4  startup_stm32l1xx_hd.o [1]
  .text              ro code   0x800'0d58    0x4  startup_stm32l1xx_hd.o [1]
  .text              ro code   0x800'0d5c    0x4  startup_stm32l1xx_hd.o [1]
  .text              ro code   0x800'0d60    0x4  startup_stm32l1xx_hd.o [1]
  .text              ro code   0x800'0d64    0x4  startup_stm32l1xx_hd.o [1]
  .text              ro code   0x800'0d68    0x4  startup_stm32l1xx_hd.o [1]
  .text              ro code   0x800'0d6c    0x4  startup_stm32l1xx_hd.o [1]
  .text              ro code   0x800'0d70    0x4  startup_stm32l1xx_hd.o [1]
  .rodata            const     0x800'0d74    0x0  packbits_init_single.o [4]
  Initializer bytes  const     0x800'0d74   0x80  <for P2-1>
                             - 0x800'0df4  0xcd0

"P2", part 1 of 2:                         0x129
  P2-1                        0x2000'0000  0x129  <Init block>
    .data            inited   0x2000'0000   0xe0  main.o [1]
    .data            inited   0x2000'00e0   0x10  stm32l152d_eval.o [1]
    .data            inited   0x2000'00f0   0x18  stm32l152d_eval.o [1]
    .data            inited   0x2000'0108   0x20  system_stm32l1xx.o [1]
    .bss             inited   0x2000'0128    0x1  stm32l1xx_it.o [1]
                            - 0x2000'0129  0x129

"P2", part 2 of 2:                         0x400
  CSTACK                      0x2000'0130  0x400  <Block>
    CSTACK           uninit   0x2000'0130  0x400  <Block tail>
                            - 0x2000'0530  0x400

Unused ranges:

         From           To      Size
         ----           --      ----
   0x800'0df4   0x801'ffff  0x1'f20c
  0x2000'0129  0x2000'012f       0x7
  0x2000'0530  0x2000'3fff    0x3ad0


*******************************************************************************
*** INIT TABLE
***

          Address      Size
          -------      ----
Copy/packbits (__iar_packbits_init_single3)
    1 source range, total size 0x80 (43% of destination):
           0x800'0d74   0x80
    1 destination range, total size 0x129:
          0x2000'0000  0x129



*******************************************************************************
*** MODULE SUMMARY
***

    Module                  ro code  ro data  rw data
    ------                  -------  -------  -------
command line/config:
    -------------------------------------------------
    Total:

D:\1.PKH\1.Project\13.Test_pheripheral\2.Hard_SPI\1.STM32_L152\Project\StdPeriph_Examples\SPI\SPI_TwoBoards\DataExchangeDMA\STM32L152-EVAL Flash Debug\Obj: [1]
    main.o                    1'348       96      224
    startup_stm32l1xx_hd.o      536
    stm32l152d_eval.o           112       17       40
    stm32l1xx_dma.o             140
    stm32l1xx_gpio.o            170
    stm32l1xx_it.o               64        1        1
    stm32l1xx_rcc.o             120
    stm32l1xx_spi.o             238
    stm32l1xx_tim.o             198
    system_stm32l1xx.o          256       14       32
    -------------------------------------------------
    Total:                    3'182      128      297

dl7M_tln.a: [2]
    exit.o                        4
    low_level_init.o              4
    -------------------------------------------------
    Total:                        8

m7M_tl.a: [3]
    -------------------------------------------------
    Total:

rt7M_tl.a: [4]
    ABImemclr4.o                  6
    ABImemset48.o                50
    cexit.o                      10
    cmain.o                      30
    cstartup_M.o                 12
    data_init.o                  40
    packbits_init_single.o       56
    -------------------------------------------------
    Total:                      204

shb_l.a: [5]
    exit.o                       20
    -------------------------------------------------
    Total:                       20

    Gaps                         14
    Linker created                        16    1'024
-----------------------------------------------------
    Grand Total:              3'428      144    1'321


*******************************************************************************
*** ENTRY LIST
***

Entry                       Address   Size  Type      Object
-----                       -------   ----  ----      ------
.iar.init_table$$Base    0x800'0c1c          --   Gb  - Linker created -
.iar.init_table$$Limit   0x800'0c2c          --   Gb  - Linker created -
?main                    0x800'0c2d         Code  Gb  cmain.o [4]
AHBPrescTable           0x2000'0114   0x10  Data  Gb  system_stm32l1xx.o [1]
BUTTON_PIN               0x800'0a34    0xc  Data  Gb  stm32l152d_eval.o [1]
BUTTON_PORT             0x2000'00f0   0x18  Data  Gb  stm32l152d_eval.o [1]
Buffercmp                0x800'05d7   0x1e  Code  Lc  main.o [1]
BusFault_Handler         0x800'0b83    0x2  Code  Gb  stm32l1xx_it.o [1]
CSTACK$$Base            0x2000'0130          --   Gb  - Linker created -
CSTACK$$Limit           0x2000'0530          --   Gb  - Linker created -
CommandReceived         0x2000'009c    0x4  Data  Gb  main.o [1]
CommandTransmitted      0x2000'0098    0x4  Data  Gb  main.o [1]
Counter                 0x2000'0128    0x1  Data  Gb  stm32l1xx_it.o [1]
DMA_ClearFlag            0x800'09ad    0x8  Code  Gb  stm32l1xx_dma.o [1]
DMA_Cmd                  0x800'097d   0x18  Code  Gb  stm32l1xx_dma.o [1]
DMA_GetFlagStatus        0x800'0995   0x18  Code  Gb  stm32l1xx_dma.o [1]
DMA_Init                 0x800'0945   0x38  Code  Gb  stm32l1xx_dma.o [1]
DMA_InitStructure       0x2000'006c   0x2c  Data  Gb  main.o [1]
DebugMon_Handler         0x800'0b89    0x2  Code  Gb  stm32l1xx_it.o [1]
GPIO_Init                0x800'06e1   0x7a  Code  Gb  stm32l1xx_gpio.o [1]
GPIO_PIN                 0x800'0a2c    0x8  Data  Gb  stm32l152d_eval.o [1]
GPIO_PORT               0x2000'00e0   0x10  Data  Gb  stm32l152d_eval.o [1]
GPIO_PinAFConfig         0x800'0769   0x22  Code  Gb  stm32l1xx_gpio.o [1]
GPIO_ReadInputDataBit    0x800'075b    0xe  Code  Gb  stm32l1xx_gpio.o [1]
HardFault_Handler        0x800'0b7f    0x2  Code  Gb  stm32l1xx_it.o [1]
MemManage_Handler        0x800'0b81    0x2  Code  Gb  stm32l1xx_it.o [1]
NMI_Handler              0x800'0b7d    0x2  Code  Gb  stm32l1xx_it.o [1]
NumberOfByte            0x2000'0068    0x2  Data  Gb  main.o [1]
PLLMulTable             0x2000'0108    0xc  Data  Gb  system_stm32l1xx.o [1]
PendSV_Handler           0x800'0b8b    0x2  Code  Gb  stm32l1xx_it.o [1]
PrescalerValue          0x2000'006a    0x2  Data  Gb  main.o [1]
PressedButton           0x2000'0000    0x1  Data  Gb  main.o [1]
RCC_AHBPeriphClockCmd    0x800'0669   0x14  Code  Gb  stm32l1xx_rcc.o [1]
RCC_APB1PeriphClockCmd   0x800'0691   0x14  Code  Gb  stm32l1xx_rcc.o [1]
RCC_APB1PeriphResetCmd   0x800'06b9   0x14  Code  Gb  stm32l1xx_rcc.o [1]
RCC_APB2PeriphClockCmd   0x800'067d   0x14  Code  Gb  stm32l1xx_rcc.o [1]
RCC_APB2PeriphResetCmd   0x800'06a5   0x14  Code  Gb  stm32l1xx_rcc.o [1]
Read_Joystick            0x800'05f5   0x74  Code  Lc  main.o [1]
Region$$Table$$Base      0x800'0c1c          --   Gb  - Linker created -
Region$$Table$$Limit     0x800'0c2c          --   Gb  - Linker created -
RxBuffer                0x2000'0004   0x38  Data  Gb  main.o [1]
SPI_Cmd                  0x800'082b   0x14  Code  Gb  stm32l1xx_spi.o [1]
SPI_I2S_DMACmd           0x800'085d   0x10  Code  Gb  stm32l1xx_spi.o [1]
SPI_I2S_DeInit           0x800'078d   0x58  Code  Gb  stm32l1xx_spi.o [1]
SPI_I2S_GetFlagStatus    0x800'086d    0xe  Code  Gb  stm32l1xx_spi.o [1]
SPI_Init                 0x800'07f1   0x3a  Code  Gb  stm32l1xx_spi.o [1]
SPI_InitStructure       0x2000'003c   0x14  Data  Gb  main.o [1]
SPI_SSOutputCmd          0x800'0845   0x18  Code  Gb  stm32l1xx_spi.o [1]
STM_EVAL_LEDOff          0x800'09e5   0x14  Code  Gb  stm32l152d_eval.o [1]
STM_EVAL_LEDOn           0x800'09d1   0x14  Code  Gb  stm32l152d_eval.o [1]
STM_EVAL_LEDToggle       0x800'09f9   0x18  Code  Gb  stm32l152d_eval.o [1]
STM_EVAL_PBGetState      0x800'0a11   0x14  Code  Gb  stm32l152d_eval.o [1]
SVC_Handler              0x800'0b87    0x2  Code  Gb  stm32l1xx_it.o [1]
SysTick_Handler          0x800'0b8d   0x26  Code  Gb  stm32l1xx_it.o [1]
SystemCoreClock         0x2000'0124    0x4  Data  Gb  system_stm32l1xx.o [1]
SystemInit               0x800'0a7d   0xe2  Code  Gb  system_stm32l1xx.o [1]
TIM_Cmd                  0x800'08e3   0x14  Code  Gb  stm32l1xx_tim.o [1]
TIM_DMACmd               0x800'0933   0x10  Code  Gb  stm32l1xx_tim.o [1]
TIM_OC2Init              0x800'08f7   0x2a  Code  Gb  stm32l1xx_tim.o [1]
TIM_OCInitStructure     0x2000'005c    0xc  Data  Gb  main.o [1]
TIM_TimeBaseInit         0x800'087d   0x4c  Code  Gb  stm32l1xx_tim.o [1]
TIM_TimeBaseStructure   0x2000'0050    0xc  Data  Gb  main.o [1]
TimeOut                 0x2000'00a0    0x4  Data  Gb  main.o [1]
TxBuffer                0x2000'00a4   0x3c  Data  Gb  main.o [1]
UsageFault_Handler       0x800'0b85    0x2  Code  Gb  stm32l1xx_it.o [1]
__NVIC_SetPriority       0x800'0125   0x1e  Code  Lc  main.o [1]
__aeabi_memclr4          0x800'0a41         Code  Gb  ABImemclr4.o [4]
__cmain                  0x800'0c2d         Code  Gb  cmain.o [4]
__exit                   0x800'0c61   0x14  Code  Gb  exit.o [5]
__iar_Memset4_word       0x800'0a49         Code  Gb  ABImemset48.o [4]
__iar_Memset8_word       0x800'0a49         Code  Gb  ABImemset48.o [4]
__iar_data_init3         0x800'0bf5   0x28  Code  Gb  data_init.o [4]
__iar_packbits_init_single3
                         0x800'0bbd   0x38  Code  Gb  packbits_init_single.o [4]
__iar_program_start      0x800'0c85         Code  Gb  cstartup_M.o [4]
__low_level_init         0x800'0c4b    0x4  Code  Gb  low_level_init.o [2]
__vector_table           0x800'0000         Data  Gb  startup_stm32l1xx_hd.o [1]
_call_main               0x800'0c39         Code  Gb  cmain.o [4]
_exit                    0x800'0c55         Code  Gb  cexit.o [4]
_main                    0x800'0c47         Code  Gb  cmain.o [4]
exit                     0x800'0c4f    0x4  Code  Gb  exit.o [2]
main                     0x800'0145  0x3ee  Code  Gb  main.o [1]


[1] = D:\1.PKH\1.Project\13.Test_pheripheral\2.Hard_SPI\1.STM32_L152\Project\StdPeriph_Examples\SPI\SPI_TwoBoards\DataExchangeDMA\STM32L152-EVAL Flash Debug\Obj
[2] = dl7M_tln.a
[3] = m7M_tl.a
[4] = rt7M_tl.a
[5] = shb_l.a

  3'428 bytes of readonly  code memory
    144 bytes of readonly  data memory
  1'321 bytes of readwrite data memory

Errors: none
Warnings: none
